#-----------------------------------------------------------
# Vivado v2017.4 (64-bit)
# SW Build 2086221 on Fri Dec 15 20:55:39 MST 2017
# IP Build 2085800 on Fri Dec 15 22:25:07 MST 2017
# Start of session at: Tue Jan  3 19:03:53 2023
# Process ID: 12144
# Current directory: C:/everything/college/UCF stuff/Year 5 term 1/FPGA Design Labs/FPGA final project/vivado projects/bomberman_basys3
# Command line: vivado.exe -gui_launcher_event rodinguilauncherevent18036 C:\everything\college\UCF stuff\Year 5 term 1\FPGA Design Labs\FPGA final project\vivado projects\bomberman_basys3\bomberman_basys3.xpr
# Log file: C:/everything/college/UCF stuff/Year 5 term 1/FPGA Design Labs/FPGA final project/vivado projects/bomberman_basys3/vivado.log
# Journal file: C:/everything/college/UCF stuff/Year 5 term 1/FPGA Design Labs/FPGA final project/vivado projects/bomberman_basys3\vivado.jou
#-----------------------------------------------------------
start_gui
open_project {C:/everything/college/UCF stuff/Year 5 term 1/FPGA Design Labs/FPGA final project/vivado projects/bomberman_basys3/bomberman_basys3.xpr}
update_compile_order -fileset sources_1
